[      34ms] [INFO] %cDownload the React DevTools for a better development experience: https://reactjs.org/link/react-devtools font-weight:bold @ https://unpkg.com/react-dom@18.3.1/umd/react-dom.development.js:29904
[      55ms] [WARNING] You are using the in-browser Babel transformer. Be sure to precompile your scripts for production - https://babeljs.io/docs/setup/ @ https://unpkg.com/@babel/standalone@7.29.0/babel.min.js:2
[     545ms] [ERROR] Failed to load resource: the server responded with a status of 404 (File not found) @ http://localhost:8000/favicon.ico:0
[   85133ms] ReferenceError: ENTRIES is not defined
    at renderTopScreen (<anonymous>:7081:21)
    at DeviceHUD (<anonymous>:7537:6)
    at renderWithHooks (https://unpkg.com/react-dom@18.3.1/umd/react-dom.development.js:15496:20)
    at updateFunctionComponent (https://unpkg.com/react-dom@18.3.1/umd/react-dom.development.js:19627:22)
    at beginWork (https://unpkg.com/react-dom@18.3.1/umd/react-dom.development.js:21650:18)
    at HTMLUnknownElement.callCallback (https://unpkg.com/react-dom@18.3.1/umd/react-dom.development.js:4151:16)
    at Object.invokeGuardedCallbackDev (https://unpkg.com/react-dom@18.3.1/umd/react-dom.development.js:4200:18)
    at invokeGuardedCallback (https://unpkg.com/react-dom@18.3.1/umd/react-dom.development.js:4264:33)
    at beginWork$1 (https://unpkg.com/react-dom@18.3.1/umd/react-dom.development.js:27500:9)
    at performUnitOfWork (https://unpkg.com/react-dom@18.3.1/umd/react-dom.development.js:26609:14)
    at workLoopSync (https://unpkg.com/react-dom@18.3.1/umd/react-dom.development.js:26515:7)
    at renderRootSync (https://unpkg.com/react-dom@18.3.1/umd/react-dom.development.js:26483:9)
    at performSyncWorkOnRoot (https://unpkg.com/react-dom@18.3.1/umd/react-dom.development.js:26134:22)
    at flushSyncCallbacks (https://unpkg.com/react-dom@18.3.1/umd/react-dom.development.js:12052:24)
    at https://unpkg.com/react-dom@18.3.1/umd/react-dom.development.js:25700:15
[   85134ms] ReferenceError: ENTRIES is not defined
    at renderTopScreen (<anonymous>:7081:21)
    at DeviceHUD (<anonymous>:7537:6)
    at renderWithHooks (https://unpkg.com/react-dom@18.3.1/umd/react-dom.development.js:15496:20)
    at updateFunctionComponent (https://unpkg.com/react-dom@18.3.1/umd/react-dom.development.js:19627:22)
    at beginWork (https://unpkg.com/react-dom@18.3.1/umd/react-dom.development.js:21650:18)
    at HTMLUnknownElement.callCallback (https://unpkg.com/react-dom@18.3.1/umd/react-dom.development.js:4151:16)
    at Object.invokeGuardedCallbackDev (https://unpkg.com/react-dom@18.3.1/umd/react-dom.development.js:4200:18)
    at invokeGuardedCallback (https://unpkg.com/react-dom@18.3.1/umd/react-dom.development.js:4264:33)
    at beginWork$1 (https://unpkg.com/react-dom@18.3.1/umd/react-dom.development.js:27500:9)
    at performUnitOfWork (https://unpkg.com/react-dom@18.3.1/umd/react-dom.development.js:26609:14)
    at workLoopSync (https://unpkg.com/react-dom@18.3.1/umd/react-dom.development.js:26515:7)
    at renderRootSync (https://unpkg.com/react-dom@18.3.1/umd/react-dom.development.js:26483:9)
    at recoverFromConcurrentError (https://unpkg.com/react-dom@18.3.1/umd/react-dom.development.js:25899:22)
    at performSyncWorkOnRoot (https://unpkg.com/react-dom@18.3.1/umd/react-dom.development.js:26145:22)
    at flushSyncCallbacks (https://unpkg.com/react-dom@18.3.1/umd/react-dom.development.js:12052:24)
    at https://unpkg.com/react-dom@18.3.1/umd/react-dom.development.js:25700:15
[   85135ms] [ERROR] The above error occurred in the <DeviceHUD> component:

    at DeviceHUD (<anonymous>:6796:21)
    at div
    at QuestApp (<anonymous>:7574:22)

Consider adding an error boundary to your tree to customize error handling behavior.
Visit https://reactjs.org/link/error-boundaries to learn more about error boundaries. @ https://unpkg.com/react-dom@18.3.1/umd/react-dom.development.js:18713
[   85135ms] ReferenceError: ENTRIES is not defined
    at renderTopScreen (<anonymous>:7081:21)
    at DeviceHUD (<anonymous>:7537:6)
    at renderWithHooks (https://unpkg.com/react-dom@18.3.1/umd/react-dom.development.js:15496:20)
    at updateFunctionComponent (https://unpkg.com/react-dom@18.3.1/umd/react-dom.development.js:19627:22)
    at beginWork (https://unpkg.com/react-dom@18.3.1/umd/react-dom.development.js:21650:18)
    at beginWork$1 (https://unpkg.com/react-dom@18.3.1/umd/react-dom.development.js:27475:16)
    at performUnitOfWork (https://unpkg.com/react-dom@18.3.1/umd/react-dom.development.js:26609:14)
    at workLoopSync (https://unpkg.com/react-dom@18.3.1/umd/react-dom.development.js:26515:7)
    at renderRootSync (https://unpkg.com/react-dom@18.3.1/umd/react-dom.development.js:26483:9)
    at recoverFromConcurrentError (https://unpkg.com/react-dom@18.3.1/umd/react-dom.development.js:25899:22)
    at performSyncWorkOnRoot (https://unpkg.com/react-dom@18.3.1/umd/react-dom.development.js:26145:22)
    at flushSyncCallbacks (https://unpkg.com/react-dom@18.3.1/umd/react-dom.development.js:12052:24)
    at https://unpkg.com/react-dom@18.3.1/umd/react-dom.development.js:25700:15
[   93926ms] [INFO] %cDownload the React DevTools for a better development experience: https://reactjs.org/link/react-devtools font-weight:bold @ https://unpkg.com/react-dom@18.3.1/umd/react-dom.development.js:29904
[   93947ms] [WARNING] You are using the in-browser Babel transformer. Be sure to precompile your scripts for production - https://babeljs.io/docs/setup/ @ https://unpkg.com/@babel/standalone@7.29.0/babel.min.js:2
[  102118ms] [ERROR] Error: <path> attribute d: Expected number, "…6 11 36 20 19 31Z". @ https://unpkg.com/react-dom@18.3.1/umd/react-dom.development.js:784
[  102118ms] [ERROR] Error: <path> attribute d: Expected number, "…1 12 31 18 19 26Z". @ https://unpkg.com/react-dom@18.3.1/umd/react-dom.development.js:784
[  102152ms] [ERROR] Failed to load resource: the server responded with a status of 404 (File not found) @ http://localhost:8000/favicon.ico:0
