[    1066ms] [INFO] %cDownload the React DevTools for a better development experience: https://reactjs.org/link/react-devtools font-weight:bold @ https://unpkg.com/react-dom@18.3.1/umd/react-dom.development.js:29904
[    1409ms] [WARNING] You are using the in-browser Babel transformer. Be sure to precompile your scripts for production - https://babeljs.io/docs/setup/ @ https://unpkg.com/@babel/standalone@7.29.0/babel.min.js:2
[    1444ms] SyntaxError: /Inline Babel script: Unexpected token, expected "," (1136:30)

  1134 |     window.addEventListener('keydown',kd);window.addEventListener('keyup',ku);
  1135 |     return()=>{window.removeEventListener('keydown',kd);window.removeEventListener('keyup',ku);};
> 1136 |   },[near,onRoom,onExit,popup];
       |                               ^
  1137 |
  1138 |   // start door ambience at vol 0 on mount
  1139 |   useEffect(()=>{
    at e (https://unpkg.com/@babel/standalone@7.29.0/babel.min.js:3:260002)
    at r.raise (https://unpkg.com/@babel/standalone@7.29.0/babel.min.js:3:312098)
    at r.unexpected (https://unpkg.com/@babel/standalone@7.29.0/babel.min.js:3:312532)
    at r.expect (https://unpkg.com/@babel/standalone@7.29.0/babel.min.js:3:317386)
    at r.parseCallExpressionArguments (https://unpkg.com/@babel/standalone@7.29.0/babel.min.js:3:481369)
    at r.parseCoverCallAndAsyncArrowHead (https://unpkg.com/@babel/standalone@7.29.0/babel.min.js:3:479848)
    at r.parseSubscript (https://unpkg.com/@babel/standalone@7.29.0/babel.min.js:3:478624)
    at r.parseSubscript (https://unpkg.com/@babel/standalone@7.29.0/babel.min.js:3:396850)
    at r.parseSubscripts (https://unpkg.com/@babel/standalone@7.29.0/babel.min.js:3:478170)
    at r.parseSubscripts (https://unpkg.com/@babel/standalone@7.29.0/babel.min.js:3:395992)
    at r.parseExprSubscripts (https://unpkg.com/@babel/standalone@7.29.0/babel.min.js:3:478020)
    at r.parseUpdate (https://unpkg.com/@babel/standalone@7.29.0/babel.min.js:3:477579)
    at r.parseMaybeUnary (https://unpkg.com/@babel/standalone@7.29.0/babel.min.js:3:477193)
    at r.parseMaybeUnaryOrPrivate (https://unpkg.com/@babel/standalone@7.29.0/babel.min.js:3:473986)
    at r.parseExprOps (https://unpkg.com/@babel/standalone@7.29.0/babel.min.js:3:474096)
    at r.parseMaybeConditional (https://unpkg.com/@babel/standalone@7.29.0/babel.min.js:3:473566)
    at r.parseMaybeAssign (https://unpkg.com/@babel/standalone@7.29.0/babel.min.js:3:472472)
    at r.parseMaybeAssign (https://unpkg.com/@babel/standalone@7.29.0/babel.min.js:3:393896)
    at r.parseExpressionBase (https://unpkg.com/@babel/standalone@7.29.0/babel.min.js:3:471593)
    at https://unpkg.com/@babel/standalone@7.29.0/babel.min.js:3:471500
    at r.allowInAnd (https://unpkg.com/@babel/standalone@7.29.0/babel.min.js:3:505219)
    at r.parseExpression (https://unpkg.com/@babel/standalone@7.29.0/babel.min.js:3:471469)
    at r.parseStatementContent (https://unpkg.com/@babel/standalone@7.29.0/babel.min.js:3:514125)
    at r.parseStatementLike (https://unpkg.com/@babel/standalone@7.29.0/babel.min.js:3:511686)
    at r.parseStatementLike (https://unpkg.com/@babel/standalone@7.29.0/babel.min.js:3:379262)
    at r.parseStatementListItem (https://unpkg.com/@babel/standalone@7.29.0/babel.min.js:3:511262)
    at r.parseBlockOrModuleBlockBody (https://unpkg.com/@babel/standalone@7.29.0/babel.min.js:3:523529)
    at r.parseBlockBody (https://unpkg.com/@babel/standalone@7.29.0/babel.min.js:3:523339)
    at r.parseBlock (https://unpkg.com/@babel/standalone@7.29.0/babel.min.js:3:523037)
    at r.parseFunctionBody (https://unpkg.com/@babel/standalone@7.29.0/babel.min.js:3:499216)
    at r.parseFunctionBody (https://unpkg.com/@babel/standalone@7.29.0/babel.min.js:3:378594)
    at r.parseFunctionBodyAndFinish (https://unpkg.com/@babel/standalone@7.29.0/babel.min.js:3:498844)
    at r.parseFunctionBodyAndFinish (https://unpkg.com/@babel/standalone@7.29.0/babel.min.js:3:378921)
    at https://unpkg.com/@babel/standalone@7.29.0/babel.min.js:3:526526
    at r.withSmartMixTopicForbiddingContext (https://unpkg.com/@babel/standalone@7.29.0/babel.min.js:3:504809)
    at r.parseFunction (https://unpkg.com/@babel/standalone@7.29.0/babel.min.js:3:526478)
    at r.parseFunctionStatement (https://unpkg.com/@babel/standalone@7.29.0/babel.min.js:3:519029)
    at r.parseStatementContent (https://unpkg.com/@babel/standalone@7.29.0/babel.min.js:3:512264)
    at r.parseStatementLike (https://unpkg.com/@babel/standalone@7.29.0/babel.min.js:3:511686)
    at r.parseStatementLike (https://unpkg.com/@babel/standalone@7.29.0/babel.min.js:3:379262)
    at r.parseModuleItem (https://unpkg.com/@babel/standalone@7.29.0/babel.min.js:3:511181)
    at r.parseBlockOrModuleBlockBody (https://unpkg.com/@babel/standalone@7.29.0/babel.min.js:3:523506)
    at r.parseBlockBody (https://unpkg.com/@babel/standalone@7.29.0/babel.min.js:3:523339)
    at r.parseProgram (https://unpkg.com/@babel/standalone@7.29.0/babel.min.js:3:508590)
    at r.parseTopLevel (https://unpkg.com/@babel/standalone@7.29.0/babel.min.js:3:507296)
    at r.parseTopLevel (https://unpkg.com/@babel/standalone@7.29.0/babel.min.js:3:397777)
    at r.parse (https://unpkg.com/@babel/standalone@7.29.0/babel.min.js:3:550298)
    at aR (https://unpkg.com/@babel/standalone@7.29.0/babel.min.js:3:550496)
    at https://unpkg.com/@babel/standalone@7.29.0/babel.min.js:3:1117838
    at Generator.<anonymous> (https://unpkg.com/@babel/standalone@7.29.0/babel.min.js:3:1068)
[    1446ms] [ERROR] Failed to load resource: the server responded with a status of 404 (File not found) @ http://localhost:8000/favicon.ico:0
